\BOOKMARK [1][-]{section.0.1}{\376\377\000S\000y\000s\000t\000e\000m\000\040\000O\000v\000e\000r\000v\000i\000e\000w}{}% 1
\BOOKMARK [2][-]{subsection.0.1.1}{\376\377\000P\000u\000r\000p\000o\000s\000e\000\040\000o\000f\000\040\000t\000h\000e\000\040\000S\000y\000s\000t\000e\000m}{section.0.1}% 2
\BOOKMARK [2][-]{subsection.0.1.2}{\376\377\000S\000y\000s\000t\000e\000m\000\040\000O\000b\000j\000e\000c\000t\000i\000v\000e\000s}{section.0.1}% 3
\BOOKMARK [2][-]{subsection.0.1.3}{\376\377\000H\000i\000g\000h\000-\000L\000e\000v\000e\000l\000\040\000S\000y\000s\000t\000e\000m\000\040\000D\000e\000s\000c\000r\000i\000p\000t\000i\000o\000n}{section.0.1}% 4
\BOOKMARK [2][-]{subsection.0.1.4}{\376\377\000F\000u\000n\000c\000t\000i\000o\000n\000a\000l\000\040\000A\000r\000c\000h\000i\000t\000e\000c\000t\000u\000r\000e}{section.0.1}% 5
\BOOKMARK [2][-]{subsection.0.1.5}{\376\377\000R\000e\000a\000l\000-\000T\000i\000m\000e\000\040\000C\000h\000a\000r\000a\000c\000t\000e\000r\000i\000s\000t\000i\000c\000s}{section.0.1}% 6
\BOOKMARK [2][-]{subsection.0.1.6}{\376\377\000M\000o\000d\000u\000l\000a\000r\000\040\000F\000i\000r\000m\000w\000a\000r\000e\000\040\000P\000h\000i\000l\000o\000s\000o\000p\000h\000y}{section.0.1}% 7
\BOOKMARK [2][-]{subsection.0.1.7}{\376\377\000S\000y\000s\000t\000e\000m\000\040\000C\000a\000p\000a\000b\000i\000l\000i\000t\000i\000e\000s}{section.0.1}% 8
\BOOKMARK [2][-]{subsection.0.1.8}{\376\377\000S\000y\000s\000t\000e\000m\000\040\000C\000o\000n\000s\000t\000r\000a\000i\000n\000t\000s}{section.0.1}% 9
\BOOKMARK [2][-]{subsection.0.1.9}{\376\377\000D\000o\000c\000u\000m\000e\000n\000t\000\040\000S\000t\000r\000u\000c\000t\000u\000r\000e}{section.0.1}% 10
\BOOKMARK [1][-]{section.0.2}{\376\377\000A\000r\000c\000h\000i\000t\000e\000c\000t\000u\000r\000e}{}% 11
\BOOKMARK [2][-]{subsection.0.2.1}{\376\377\000P\000u\000r\000p\000o\000s\000e}{section.0.2}% 12
\BOOKMARK [1][-]{section.0.3}{\376\377\000P\000r\000o\000t\000o\000c\000o\000l\000\040\000S\000p\000e\000c}{}% 13
\BOOKMARK [2][-]{subsection.0.3.1}{\376\377\000P\000u\000r\000p\000o\000s\000e}{section.0.3}% 14
\BOOKMARK [1][-]{section.0.4}{\376\377\000F\000i\000r\000m\000w\000a\000r\000e\000\040\000S\000t\000r\000u\000c\000t\000u\000r\000e}{}% 15
\BOOKMARK [2][-]{subsection.0.4.1}{\376\377\000P\000u\000r\000p\000o\000s\000e}{section.0.4}% 16
\BOOKMARK [1][-]{section.0.5}{\376\377\000T\000i\000m\000i\000n\000g}{}% 17
\BOOKMARK [2][-]{subsection.0.5.1}{\376\377\000P\000u\000r\000p\000o\000s\000e}{section.0.5}% 18
\BOOKMARK [1][-]{section.0.6}{\376\377\000H\000a\000r\000d\000w\000a\000r\000e}{}% 19
\BOOKMARK [2][-]{subsection.0.6.1}{\376\377\000P\000u\000r\000p\000o\000s\000e}{section.0.6}% 20
\BOOKMARK [1][-]{section.0.7}{\376\377\000P\000e\000r\000f\000o\000r\000m\000a\000n\000c\000e}{}% 21
\BOOKMARK [2][-]{subsection.0.7.1}{\376\377\000P\000u\000r\000p\000o\000s\000e}{section.0.7}% 22
\BOOKMARK [1][-]{section.0.8}{\376\377\000D\000e\000s\000i\000g\000n\000\040\000d\000e\000c\000i\000s\000i\000o\000n\000s\000.}{}% 23
\BOOKMARK [2][-]{subsection.0.8.1}{\376\377\000P\000u\000r\000p\000o\000s\000e}{section.0.8}% 24
\BOOKMARK [1][-]{section.0.9}{\376\377\000F\000u\000t\000u\000r\000e\000\040\000w\000o\000r\000k}{}% 25
\BOOKMARK [2][-]{subsection.0.9.1}{\376\377\000P\000u\000r\000p\000o\000s\000e}{section.0.9}% 26
